---
source: crates/mcp/tests/tools.rs
expression: output
---
Using dependency serde@1.0.228
trait  serde::Deserialize
fn     serde::Deserialize::deserialize
trait  serde::Deserializer
fn     serde::Deserializer::deserialize_any
fn     serde::Deserializer::deserialize_bool
fn     serde::Deserializer::deserialize_byte_buf
fn     serde::Deserializer::deserialize_bytes
fn     serde::Deserializer::deserialize_char
fn     serde::Deserializer::deserialize_enum
fn     serde::Deserializer::deserialize_f32
fn     serde::Deserializer::deserialize_f64
fn     serde::Deserializer::deserialize_i128
fn     serde::Deserializer::deserialize_i16
fn     serde::Deserializer::deserialize_i32
fn     serde::Deserializer::deserialize_i64
fn     serde::Deserializer::deserialize_i8
fn     serde::Deserializer::deserialize_identifier
fn     serde::Deserializer::deserialize_ignored_any
fn     serde::Deserializer::deserialize_map
fn     serde::Deserializer::deserialize_newtype_struct
fn     serde::Deserializer::deserialize_option
fn     serde::Deserializer::deserialize_seq
fn     serde::Deserializer::deserialize_str
fn     serde::Deserializer::deserialize_string
fn     serde::Deserializer::deserialize_struct
fn     serde::Deserializer::deserialize_tuple
fn     serde::Deserializer::deserialize_tuple_struct
fn     serde::Deserializer::deserialize_u128
fn     serde::Deserializer::deserialize_u16
fn     serde::Deserializer::deserialize_u32
fn     serde::Deserializer::deserialize_u64
fn     serde::Deserializer::deserialize_u8
fn     serde::Deserializer::deserialize_unit
fn     serde::Deserializer::deserialize_unit_struct
fn     serde::Deserializer::is_human_readable
trait  serde::de::Deserialize
fn     serde::de::Deserialize::deserialize
trait  serde::de::DeserializeOwned
trait  serde::de::DeserializeSeed
fn     serde::de::DeserializeSeed::deserialize
trait  serde::de::Deserializer
fn     serde::de::Deserializer::deserialize_any
fn     serde::de::Deserializer::deserialize_bool
fn     serde::de::Deserializer::deserialize_byte_buf
fn     serde::de::Deserializer::deserialize_bytes
fn     serde::de::Deserializer::deserialize_char
fn     serde::de::Deserializer::deserialize_enum
fn     serde::de::Deserializer::deserialize_f32
fn     serde::de::Deserializer::deserialize_f64
fn     serde::de::Deserializer::deserialize_i128
fn     serde::de::Deserializer::deserialize_i16
fn     serde::de::Deserializer::deserialize_i32
fn     serde::de::Deserializer::deserialize_i64
fn     serde::de::Deserializer::deserialize_i8
fn     serde::de::Deserializer::deserialize_identifier
fn     serde::de::Deserializer::deserialize_ignored_any
fn     serde::de::Deserializer::deserialize_map
fn     serde::de::Deserializer::deserialize_newtype_struct
fn     serde::de::Deserializer::deserialize_option
fn     serde::de::Deserializer::deserialize_seq
fn     serde::de::Deserializer::deserialize_str
fn     serde::de::Deserializer::deserialize_string
fn     serde::de::Deserializer::deserialize_struct
fn     serde::de::Deserializer::deserialize_tuple
fn     serde::de::Deserializer::deserialize_tuple_struct
fn     serde::de::Deserializer::deserialize_u128
fn     serde::de::Deserializer::deserialize_u16
fn     serde::de::Deserializer::deserialize_u32
fn     serde::de::Deserializer::deserialize_u64
fn     serde::de::Deserializer::deserialize_u8
fn     serde::de::Deserializer::deserialize_unit
fn     serde::de::Deserializer::deserialize_unit_struct
fn     serde::de::Deserializer::is_human_readable
trait  serde::de::IntoDeserializer
fn     serde::de::IntoDeserializer::into_deserializer
struct serde::de::value::BoolDeserializer
struct serde::de::value::BorrowedBytesDeserializer
struct serde::de::value::BorrowedStrDeserializer
struct serde::de::value::BytesDeserializer
struct serde::de::value::CharDeserializer
struct serde::de::value::CowStrDeserializer
struct serde::de::value::EnumAccessDeserializer
struct serde::de::value::F32Deserializer
struct serde::de::value::F64Deserializer
struct serde::de::value::I128Deserializer
struct serde::de::value::I16Deserializer
struct serde::de::value::I32Deserializer
struct serde::de::value::I64Deserializer
struct serde::de::value::I8Deserializer
struct serde::de::value::IsizeDeserializer
struct serde::de::value::MapAccessDeserializer
struct serde::de::value::MapDeserializer
struct serde::de::value::NeverDeserializer
struct serde::de::value::SeqAccessDeserializer
struct serde::de::value::SeqDeserializer
struct serde::de::value::StrDeserializer
struct serde::de::value::StringDeserializer
struct serde::de::value::U128Deserializer
struct serde::de::value::U16Deserializer
struct serde::de::value::U32Deserializer
struct serde::de::value::U64Deserializer
struct serde::de::value::U8Deserializer
struct serde::de::value::UnitDeserializer
struct serde::de::value::UsizeDeserializer
